// Jest Snapshot v1, https://goo.gl/fbAQLP

exports[`sunny app renders header correctly 1`] = `
<View
  style={
    Object {
      "alignItems": "center",
      "backgroundColor": "#F8F8F8",
      "height": 65,
      "justifyContent": "center",
      "paddingTop": 15,
      "shadowColor": "#000",
      "shadowOffset": Object {
        "height": 2,
        "width": 0,
      },
      "shadowOpacity": 0.5,
    }
  }
>
  <Text
    accessible={true}
    allowFontScaling={true}
    ellipsizeMode="tail"
    style={
      Object {
        "fontSize": 14,
      }
    }
  >
    SunInformed
  </Text>
  <Text
    accessible={true}
    allowFontScaling={true}
    ellipsizeMode="tail"
    style={
      Object {
        "fontSize": 9,
        "marginTop": 5,
      }
    }
  />
</View>
`;
